// Jest Snapshot v1, https://goo.gl/fbAQLP

exports[`ReviewsItem should render correctly 1`] = `
<div>
  <li
    class="reviews__item"
  >
    <div
      class="reviews__user user"
    >
      <div
        class="reviews__avatar-wrapper user__avatar-wrapper"
      >
        <img
          alt="Reviews avatar"
          class="reviews__avatar user__avatar"
          height="54"
          src="img/avatar-max.jpg"
          width="54"
        />
      </div>
      <span
        class="reviews__user-name"
      >
        Frederik
      </span>
      <span
        class="property__user-status"
      >
        Pro
      </span>
    </div>
    <div
      class="reviews__info"
    >
      <div
        class="reviews__rating rating"
      >
        <div
          class="reviews__stars rating__stars"
        >
          <span
            style="width: 60%;"
          />
          <span
            class="visually-hidden"
          >
            Rating
          </span>
        </div>
      </div>
      <p
        class="reviews__text"
      >
        Cozy
      </p>
      <time
        class="reviews__time"
        datetime="2019-12-08"
      >
        December 8
      </time>
    </div>
  </li>
</div>
`;
